// Jest Snapshot v1, https://goo.gl/fbAQLP

exports[`calculator render correctly 1`] = `
<section
  className="container"
>
  <h1
    className="calc-title"
  >
    Let's do some mathematics!
  </h1>
  <div
    className="calc-box"
  >
    <div
      className="screen"
    >
      <span
        className="output"
      >
        0
      </span>
    </div>
    <div
      className="buttons"
    >
      <button
        className="calc"
        onClick={[Function]}
        type="button"
      >
        AC
      </button>
      <button
        className="calc"
        onClick={[Function]}
        type="button"
      >
        +/-
      </button>
      <button
        className="calc"
        onClick={[Function]}
        type="button"
      >
         
        %
      </button>
      <button
        className="calc active"
        onClick={[Function]}
        type="button"
      >
        <span>
          รท
        </span>
      </button>
      <button
        className="calc"
        onClick={[Function]}
        type="button"
      >
        7
      </button>
      <button
        className="calc"
        onClick={[Function]}
        type="button"
      >
        8
      </button>
      <button
        className="calc"
        onClick={[Function]}
        type="button"
      >
        9
      </button>
      <button
        className="calc active"
        onClick={[Function]}
        type="button"
      >
        x
      </button>
      <button
        className="calc"
        onClick={[Function]}
        type="button"
      >
        4
      </button>
      <button
        className="calc"
        onClick={[Function]}
        type="button"
      >
        5
      </button>
      <button
        className="calc"
        onClick={[Function]}
        type="button"
      >
        6
      </button>
      <button
        className="calc active"
        onClick={[Function]}
        type="button"
      >
        -
      </button>
      <button
        className="calc"
        onClick={[Function]}
        type="button"
      >
        1
      </button>
      <button
        className="calc"
        onClick={[Function]}
        type="button"
      >
        2
      </button>
      <button
        className="calc"
        onClick={[Function]}
        type="button"
      >
        3
      </button>
      <button
        className="calc active"
        onClick={[Function]}
        type="button"
      >
        +
      </button>
      <button
        className="zero"
        onClick={[Function]}
        type="button"
      >
        0
      </button>
      <button
        className="calc"
        onClick={[Function]}
        type="button"
      >
        .
      </button>
      <button
        className="calc active"
        onClick={[Function]}
        type="button"
      >
        =
      </button>
    </div>
  </div>
</section>
`;
