// Jest Snapshot v1, https://goo.gl/fbAQLP

exports[` render correctly 1`] = `
<div
  className="quoteCont"
>
  <h3
    className="quoteHead"
  >
     
    Without mathematics, thereâ€™s nothing you can do. Everything around you is mathematics. Everything around you is numbers. max-len
    <br />
    (Shakuntala Devi), Indian writer and mental calculator, 10 Jun 1944
  </h3>
</div>
`;
